
Memory Configuration

Name             Origin             Length             Attributes
*default*        0x0000000000000000 0xffffffffffffffff

Linker script and memory map

LOAD /tmp/cc7zslyl.o
LOAD /tmp/cc4Z9aMg.o

.memory         0x0000000000000000      0x1fc
                0x0000000000000000                . = 0x0
 *(.init)
 .init          0x0000000000000000       0x10 /tmp/cc7zslyl.o
 *(.text)
 .text          0x0000000000000010        0x0 /tmp/cc7zslyl.o
 .text          0x0000000000000010      0x1d8 /tmp/cc4Z9aMg.o
                0x0000000000000040                main
 *(*)
 .data          0x00000000000001e8        0x0 /tmp/cc7zslyl.o
 .bss           0x00000000000001e8        0x0 /tmp/cc7zslyl.o
 .data          0x00000000000001e8        0x0 /tmp/cc4Z9aMg.o
 .bss           0x00000000000001e8        0x0 /tmp/cc4Z9aMg.o
 .comment       0x00000000000001e8       0x11 /tmp/cc4Z9aMg.o
                                         0x12 (size before relaxing)
                0x00000000000001fc                . = ALIGN (0x4)
 *fill*         0x00000000000001f9        0x3 
                0x00000000000001fc                end = .
LOAD /opt/riscv32i/lib/gcc/riscv32-unknown-elf/8.2.0/libgcc.a
OUTPUT(firmware.elf elf32-littleriscv)
