
Memory Configuration

Name             Origin             Length             Attributes
*default*        0x0000000000000000 0xffffffffffffffff

Linker script and memory map

LOAD /tmp/ccLAY2rP.o
LOAD /tmp/ccvdLPEv.o

.memory         0x0000000000000000       0xa4
                0x0000000000000000                . = 0x0
 *(.init)
 .init          0x0000000000000000       0x10 /tmp/ccLAY2rP.o
 *(.text)
 .text          0x0000000000000010        0x0 /tmp/ccLAY2rP.o
 .text          0x0000000000000010       0x80 /tmp/ccvdLPEv.o
                0x000000000000003c                main
 *(*)
 .data          0x0000000000000090        0x0 /tmp/ccLAY2rP.o
 .bss           0x0000000000000090        0x0 /tmp/ccLAY2rP.o
 .data          0x0000000000000090        0x0 /tmp/ccvdLPEv.o
 .bss           0x0000000000000090        0x0 /tmp/ccvdLPEv.o
 .comment       0x0000000000000090       0x11 /tmp/ccvdLPEv.o
                                         0x12 (size before relaxing)
                0x00000000000000a4                . = ALIGN (0x4)
 *fill*         0x00000000000000a1        0x3 
                0x00000000000000a4                end = .
LOAD /opt/riscv32i/lib/gcc/riscv32-unknown-elf/8.2.0/libgcc.a
OUTPUT(firmware.elf elf32-littleriscv)
