Copyright 1986-2020 Xilinx, Inc. All Rights Reserved.
------------------------------------------------------------------------------------
| Tool Version : Vivado v.2020.1 (lin64) Build 2902540 Wed May 27 19:54:35 MDT 2020
| Date         : Tue Oct 20 10:17:28 2020
| Host         : bran-VM-ubuntu18 running 64-bit Ubuntu 18.04.5 LTS
| Command      : report_control_sets -verbose -file system_control_sets_placed.rpt
| Design       : system
| Device       : xc7a100t
------------------------------------------------------------------------------------

Control Set Information

Table of Contents
-----------------
1. Summary
2. Histogram
3. Flip-Flop Distribution
4. Detailed Control Set Information

1. Summary
----------

+----------------------------------------------------------+-------+
|                          Status                          | Count |
+----------------------------------------------------------+-------+
| Total control sets                                       |    20 |
|    Minimum number of control sets                        |    20 |
|    Addition due to synthesis replication                 |     0 |
|    Addition due to physical synthesis replication        |     0 |
| Unused register locations in slices containing registers |    50 |
+----------------------------------------------------------+-------+
* Control sets can be merged at opt_design using control_set_merge or merge_equivalent_drivers
** Run report_qor_suggestions for automated merging and remapping suggestions


2. Histogram
------------

+--------------------+-------+
|       Fanout       | Count |
+--------------------+-------+
| Total control sets |    20 |
| >= 0 to < 4        |     0 |
| >= 4 to < 6        |     4 |
| >= 6 to < 8        |     1 |
| >= 8 to < 10       |     0 |
| >= 10 to < 12      |     1 |
| >= 12 to < 14      |     0 |
| >= 14 to < 16      |     0 |
| >= 16              |    14 |
+--------------------+-------+
* Control sets can be remapped at either synth_design or opt_design


3. Flip-Flop Distribution
-------------------------

+--------------+-----------------------+------------------------+-----------------+--------------+
| Clock Enable | Synchronous Set/Reset | Asynchronous Set/Reset | Total Registers | Total Slices |
+--------------+-----------------------+------------------------+-----------------+--------------+
| No           | No                    | No                     |              98 |           54 |
| No           | No                    | Yes                    |               0 |            0 |
| No           | Yes                   | No                     |             109 |           36 |
| Yes          | No                    | No                     |             221 |          101 |
| Yes          | No                    | Yes                    |               0 |            0 |
| Yes          | Yes                   | No                     |             202 |           67 |
+--------------+-----------------------+------------------------+-----------------+--------------+


4. Detailed Control Set Information
-----------------------------------

+----------------+---------------------------------------------------+---------------------------------------+------------------+----------------+--------------+
|  Clock Signal  |                   Enable Signal                   |            Set/Reset Signal           | Slice Load Count | Bel Load Count | Bels / Slice |
+----------------+---------------------------------------------------+---------------------------------------+------------------+----------------+--------------+
|  clk_IBUF_BUFG | picorv32_core/mem_wstrb[3]_i_2_n_0                | picorv32_core/mem_wstrb[3]_i_1_n_0    |                1 |              4 |         4.00 |
|  clk_IBUF_BUFG | picorv32_core/instr_lui0                          | picorv32_core/is_sb_sh_sw_i_1_n_0     |                2 |              4 |         2.00 |
|  clk_IBUF_BUFG | picorv32_core/latched_rd[4]_i_2_n_0               | picorv32_core/latched_rd[4]_i_1_n_0   |                1 |              5 |         5.00 |
|  clk_IBUF_BUFG | picorv32_core/is_lui_auipc_jal_jalr_addi_add_sub0 | picorv32_core/instr_lhu_i_1_n_0       |                1 |              5 |         5.00 |
|  clk_IBUF_BUFG | picorv32_core/cpu_state[7]_i_2_n_0                | picorv32_core/cpu_state[7]_i_1_n_0    |                3 |              7 |         2.33 |
|  clk_IBUF_BUFG | picorv32_core/is_lui_auipc_jal_jalr_addi_add_sub0 | picorv32_core/decoded_imm[30]_i_1_n_0 |                2 |             11 |         5.50 |
|  clk_IBUF_BUFG | picorv32_core/m_read_en1                          | picorv32_core/mem_addr_reg[17]_0      |               12 |             18 |         1.50 |
|  clk_IBUF_BUFG | picorv32_core/mem_xfer__0                         |                                       |                8 |             22 |         2.75 |
|  clk_IBUF_BUFG | picorv32_core/is_lui_auipc_jal_jalr_addi_add_sub0 | picorv32_core/clear                   |                8 |             22 |         2.75 |
|  clk_IBUF_BUFG | picorv32_core/mem_addr[31]_i_1_n_0                |                                       |               16 |             30 |         1.88 |
|  clk_IBUF_BUFG | picorv32_core/reg_op1[31]_i_1_n_0                 |                                       |               25 |             32 |         1.28 |
|  clk_IBUF_BUFG | picorv32_core/reg_op2[31]_i_1_n_0                 |                                       |               12 |             32 |         2.67 |
|  clk_IBUF_BUFG | picorv32_core/mem_wdata[31]_i_1_n_0               |                                       |               15 |             32 |         2.13 |
|  clk_IBUF_BUFG | picorv32_core/is_lui_auipc_jal_jalr_addi_add_sub0 |                                       |               13 |             34 |         2.62 |
|  clk_IBUF_BUFG | picorv32_core/instr_lui0                          |                                       |               12 |             39 |         3.25 |
|  clk_IBUF_BUFG | picorv32_core/reg_next_pc                         | picorv32_core/clear                   |               21 |             62 |         2.95 |
|  clk_IBUF_BUFG | picorv32_core/count_instr                         | picorv32_core/clear                   |               16 |             64 |         4.00 |
|  clk_IBUF_BUFG | picorv32_core/cpuregs_reg_r1_0_31_0_5_i_1_n_0     |                                       |               12 |             96 |         8.00 |
|  clk_IBUF_BUFG |                                                   |                                       |               54 |             98 |         1.81 |
|  clk_IBUF_BUFG |                                                   | picorv32_core/clear                   |               36 |            109 |         3.03 |
+----------------+---------------------------------------------------+---------------------------------------+------------------+----------------+--------------+


